// Jest Snapshot v1, https://goo.gl/fbAQLP

exports[`ApiController (e2e) /api/artifacts (GET) 1`] = `"{\\"status\\":\\"ok\\",\\"data\\":[{\\"name\\":\\"test.conf\\",\\"template\\":\\"test\\",\\"provider\\":\\"ss\\",\\"combineProviders\\":[\\"custom\\",\\"clash\\"]},{\\"name\\":\\"test2.conf\\",\\"template\\":\\"test\\",\\"provider\\":\\"rename\\"},{\\"name\\":\\"test3.conf\\",\\"template\\":\\"test\\",\\"provider\\":\\"subscription-userinfo\\"}]}"`;

exports[`ApiController (e2e) /api/providers (GET) 1`] = `"{\\"status\\":\\"ok\\",\\"data\\":[{\\"name\\":\\"clash\\",\\"type\\":\\"clash\\",\\"supportGetSubscriptionUserInfo\\":true,\\"url\\":\\"http://example.com/clash-sample.yaml\\"},{\\"name\\":\\"custom\\",\\"type\\":\\"custom\\",\\"addFlag\\":true,\\"supportGetSubscriptionUserInfo\\":false,\\"nodeList\\":[{\\"type\\":\\"shadowsocks\\",\\"nodeName\\":\\"US\\",\\"hostname\\":\\"us.example.com\\",\\"port\\":\\"443\\",\\"method\\":\\"chacha20-ietf-poly1305\\",\\"password\\":\\"password\\",\\"udp-relay\\":\\"true\\",\\"obfs\\":\\"tls\\",\\"obfs-host\\":\\"gateway-carry.icloud.com\\",\\"tfo\\":true},{\\"type\\":\\"snell\\",\\"nodeName\\":\\"Snell\\",\\"hostname\\":\\"us.example.com\\",\\"port\\":\\"443\\",\\"psk\\":\\"password\\",\\"obfs\\":\\"tls\\"},{\\"type\\":\\"https\\",\\"nodeName\\":\\"HTTPS\\",\\"hostname\\":\\"us.example.com\\",\\"port\\":\\"443\\",\\"username\\":\\"username\\",\\"password\\":\\"password\\"}]},{\\"name\\":\\"rename\\",\\"type\\":\\"shadowsocks_subscribe\\",\\"addFlag\\":true,\\"supportGetSubscriptionUserInfo\\":true,\\"url\\":\\"http://example.com/test-ss-sub.txt\\"},{\\"name\\":\\"ss\\",\\"type\\":\\"shadowsocks_subscribe\\",\\"supportGetSubscriptionUserInfo\\":true,\\"url\\":\\"http://example.com/test-ss-sub.txt\\"},{\\"name\\":\\"subscription-userinfo\\",\\"type\\":\\"shadowsocks_subscribe\\",\\"addFlag\\":true,\\"supportGetSubscriptionUserInfo\\":true,\\"url\\":\\"http://example.com/test-ss-sub-user-info.txt\\"}]}"`;
